[19-Apr-2026 09:24:19 UTC] Window Delivery Check - Postcode: M11AE
[19-Apr-2026 09:24:19 UTC] Window Delivery Result: Array
(
    [price] => 150
    [zone] => Zone A - Regional
    [distance] => 67.5
    [bespoke] => 
    [message] => Delivery: £150 (Distance: 67.5 miles)
)

[19-Apr-2026 09:24:21 UTC] Window Delivery Check - Postcode: M11AE
[19-Apr-2026 09:24:21 UTC] Window Delivery Result: Array
(
    [price] => 150
    [zone] => Zone A - Regional
    [distance] => 67.5
    [bespoke] => 
    [message] => Delivery: £150 (Distance: 67.5 miles)
)

[19-Apr-2026 09:30:34 UTC] Window Delivery Check - Postcode: M11AE
[19-Apr-2026 09:30:34 UTC] Window Delivery Result: Array
(
    [price] => 150
    [zone] => Zone A - Regional
    [distance] => 67.5
    [bespoke] => 
    [message] => Delivery: £150 (Distance: 67.5 miles)
)

[19-Apr-2026 09:35:01 UTC] Window Delivery Check - Postcode: M11AE
[19-Apr-2026 09:35:01 UTC] Window Delivery Result: Array
(
    [price] => 150
    [zone] => Zone A - Regional
    [distance] => 67.5
    [bespoke] => 
    [message] => Delivery: £150 (Distance: 67.5 miles)
)

[19-Apr-2026 11:22:50 UTC] === BUTTON DETECTION ===
[19-Apr-2026 11:22:50 UTC] === BUTTON DETECTION ===
[19-Apr-2026 11:22:50 UTC] URL: /fastfolduk/product/fastfold-z71-aluminium-bi-folding-door/
[19-Apr-2026 11:22:50 UTC] URL: /fastfolduk/product/fastfold-z71-aluminium-bi-folding-door/
[19-Apr-2026 11:22:50 UTC] Product Slug: fastfold-z71-aluminium-bi-folding-door
[19-Apr-2026 11:22:50 UTC] Product Slug: fastfold-z71-aluminium-bi-folding-door
[19-Apr-2026 11:22:50 UTC] Product Name: fastfold z71 aluminium bi-folding door
[19-Apr-2026 11:22:50 UTC] Product Name: fastfold z71 aluminium bi-folding door
[19-Apr-2026 11:22:50 UTC] Final - Is Door: YES
[19-Apr-2026 11:22:50 UTC] Final - Is Door: YES
[19-Apr-2026 11:22:50 UTC] Final - Is Window: NO
[19-Apr-2026 11:22:50 UTC] Final - Is Window: NO
[19-Apr-2026 11:22:57 UTC] === BUTTON DETECTION ===
[19-Apr-2026 11:22:57 UTC] URL: /fastfolduk/product/fastfold-z71-aluminium-bi-folding-door/
[19-Apr-2026 11:22:57 UTC] Product Slug: fastfold-z71-aluminium-bi-folding-door
[19-Apr-2026 11:22:57 UTC] Product Name: fastfold z71 aluminium bi-folding door
[19-Apr-2026 11:22:57 UTC] Final - Is Door: YES
[19-Apr-2026 11:22:57 UTC] Final - Is Window: NO
[19-Apr-2026 11:23:19 UTC] === BUTTON DETECTION ===
[19-Apr-2026 11:23:19 UTC] URL: /fastfolduk/product/fastfold-w71-aluminium-bi-folding-windows/
[19-Apr-2026 11:23:19 UTC] Product Slug: fastfold-w71-aluminium-bi-folding-windows
[19-Apr-2026 11:23:19 UTC] Product Name: fastfold w71 aluminium bi-folding windows
[19-Apr-2026 11:23:19 UTC] Final - Is Door: NO
[19-Apr-2026 11:23:19 UTC] Final - Is Window: YES
[19-Apr-2026 11:24:15 UTC] === BUTTON DETECTION ===
[19-Apr-2026 11:24:15 UTC] URL: /fastfolduk/product/fastfold-z71-aluminium-bi-folding-door/
[19-Apr-2026 11:24:15 UTC] Product Slug: fastfold-z71-aluminium-bi-folding-door
[19-Apr-2026 11:24:15 UTC] Product Name: fastfold z71 aluminium bi-folding door
[19-Apr-2026 11:24:15 UTC] Final - Is Door: YES
[19-Apr-2026 11:24:15 UTC] Final - Is Window: NO
[19-Apr-2026 11:25:14 UTC] === BUTTON DETECTION ===
[19-Apr-2026 11:25:14 UTC] URL: /fastfolduk/product/fastfold-z71-aluminium-bi-folding-door/
[19-Apr-2026 11:25:14 UTC] Product Slug: fastfold-z71-aluminium-bi-folding-door
[19-Apr-2026 11:25:14 UTC] Product Name: fastfold z71 aluminium bi-folding door
[19-Apr-2026 11:25:14 UTC] Final - Is Door: YES
[19-Apr-2026 11:25:14 UTC] Final - Is Window: NO
[19-Apr-2026 11:26:18 UTC] === BUTTON DETECTION ===
[19-Apr-2026 11:26:18 UTC] URL: /fastfolduk/product/fastfold-z71-aluminium-bi-folding-door/
[19-Apr-2026 11:26:18 UTC] Product Slug: fastfold-z71-aluminium-bi-folding-door
[19-Apr-2026 11:26:18 UTC] Product Name: fastfold z71 aluminium bi-folding door
[19-Apr-2026 11:26:18 UTC] Final - Is Door: YES
[19-Apr-2026 11:26:18 UTC] Final - Is Window: NO
[19-Apr-2026 11:31:17 UTC] === BUTTON DETECTION ===
[19-Apr-2026 11:31:17 UTC] URL: /fastfolduk/product/fastfold-z71-aluminium-bi-folding-door/
[19-Apr-2026 11:31:17 UTC] Product Slug: fastfold-z71-aluminium-bi-folding-door
[19-Apr-2026 11:31:17 UTC] Product Name: fastfold z71 aluminium bi-folding door
[19-Apr-2026 11:31:17 UTC] Final - Is Door: YES
[19-Apr-2026 11:31:17 UTC] Final - Is Window: NO
[20-Apr-2026 02:05:03 UTC] Automatic updates starting...
[20-Apr-2026 02:05:04 UTC]   Automatic plugin updates starting...
[20-Apr-2026 02:05:04 UTC]   Automatic plugin updates complete.
[20-Apr-2026 02:05:05 UTC]   Automatic theme updates starting...
[20-Apr-2026 02:05:05 UTC]   Automatic theme updates complete.
[20-Apr-2026 02:05:05 UTC] Automatic updates complete.
